[02:09:39] [ServerMain/INFO]: Environment: authHost='https://authserver.mojang.com', accountsHost='https://api.mojang.com', sessionHost='https://sessionserver.mojang.com', servicesHost='https://api.minecraftservices.com', name='PROD'
[02:09:45] [ServerMain/INFO]: Loaded 7 recipes
[02:09:46] [Server thread/INFO]: Starting minecraft server version 1.20
[02:09:46] [Server thread/INFO]: Loading properties
[02:09:47] [Server thread/INFO]: This server is running Paper version git-Paper-17 (MC: 1.20) (Implementing API version 1.20-R0.1-SNAPSHOT) (Git: c287e92)
[02:09:47] [Server thread/INFO]: Server Ping Player Sample Count: 12
[02:09:47] [Server thread/INFO]: Using 4 threads for Netty based IO
[02:09:47] [Server thread/WARN]: [!] The timings profiler has been enabled but has been scheduled for removal from Paper in the future.
    We recommend installing the spark profiler as a replacement: https://spark.lucko.me/
    For more information please visit: https://github.com/PaperMC/Paper/issues/8948
[02:09:47] [Server thread/INFO]: [ChunkTaskScheduler] Chunk system is using 1 I/O threads, 1 worker threads, and gen parallelism of 1 threads
[02:09:48] [Server thread/INFO]: Default game type: SURVIVAL
[02:09:48] [Server thread/INFO]: Generating keypair
[02:09:49] [Server thread/INFO]: Starting Minecraft server on *:25565
[02:09:49] [Server thread/INFO]: Using epoll channel type
[02:09:49] [Server thread/INFO]: Paper: Using libdeflate (Linux x86_64) compression from Velocity.
[02:09:49] [Server thread/INFO]: Paper: Using OpenSSL 1.1.x (Linux x86_64) cipher from Velocity.
[02:09:50] [Server thread/INFO]: [LuckPerms] Loading server plugin LuckPerms v5.4.158
[02:09:51] [Server thread/INFO]: [Essentials] Loading server plugin Essentials v2.21.0
[02:09:51] [Server thread/INFO]: [SkinsRestorer] Loading server plugin SkinsRestorer v15.6.2
[02:09:51] [Server thread/INFO]: Server permissions file permissions.yml is empty, ignoring it
[02:09:51] [Server thread/INFO]: [LuckPerms] Enabling LuckPerms v5.4.158
[02:09:51] [Server thread/INFO]:         __    
[02:09:51] [Server thread/INFO]:   |    |__)   LuckPerms v5.4.158
[02:09:51] [Server thread/INFO]:   |___ |      Running on Bukkit - Paper
[02:09:51] [Server thread/INFO]: 
[02:09:51] [Server thread/INFO]: [LuckPerms] Loading configuration...
[02:09:52] [Server thread/INFO]: [LuckPerms] Loading storage provider... [H2]
[02:09:52] [Server thread/INFO]: [LuckPerms] Loading internal permission managers...
[02:09:52] [Server thread/INFO]: [LuckPerms] Performing initial data load...
[02:09:53] [Server thread/INFO]: [LuckPerms] Successfully enabled. (took 1791ms)
[02:09:53] [Server thread/INFO]: [SkinsRestorer] Enabling SkinsRestorer v15.6.2
[02:09:53] [Server thread/WARN]: [SkinsRestorer] You must agree to the rules at 'commands.perSkinPermissionsConsent' in the config to use per skin permissions.
[02:09:54] [Server thread/INFO]: [SkinsRestorer] Running on Minecraft 1.20.0.
[02:09:54] [Server thread/INFO]: [SkinsRestorer] Using paper join listener!
[02:09:54] [Server thread/WARN]: [SkinsRestorer] Please update your Java runtime to at least Java 21 (your version is 17).
[02:09:54] [Server thread/WARN]: [SkinsRestorer] At some point in the future, SkinsRestorer will no longer be compatible with this version of Java.
[02:09:54] [Server thread/WARN]: **** SERVER IS RUNNING IN OFFLINE/INSECURE MODE!
[02:09:54] [Server thread/WARN]: The server will make no attempt to authenticate usernames. Beware.
[02:09:54] [Server thread/WARN]: While this makes the game possible to play without internet access, it also opens up the ability for hackers to connect with any username they choose.
[02:09:54] [Server thread/WARN]: To change this, set "online-mode" to "true" in the server.properties file.
[02:09:54] [Server thread/INFO]: Preparing level "world"
[02:09:55] [Server thread/INFO]: Preparing start region for dimension minecraft:overworld
[02:09:55] [Server thread/INFO]: Time elapsed: 279 ms
[02:09:55] [Server thread/INFO]: Preparing start region for dimension minecraft:the_nether
[02:09:55] [Server thread/INFO]: Time elapsed: 75 ms
[02:09:55] [Server thread/INFO]: Preparing start region for dimension minecraft:the_end
[02:09:55] [Server thread/INFO]: Time elapsed: 75 ms
[02:09:55] [Server thread/INFO]: [Essentials] Enabling Essentials v2.21.0
[02:09:56] [Server thread/ERROR]: [Essentials] You are running an unsupported server version!
[02:09:56] [Server thread/INFO]: [Essentials] Attempting to convert old kits in config.yml to new kits.yml
[02:09:56] [Server thread/INFO]: [Essentials] No kits found to migrate.
[02:09:57] [Server thread/INFO]: [Essentials] Selected Paper Known Commands Provider as the provider for KnownCommandsProvider
[02:09:57] [Server thread/INFO]: [Essentials] Selected Paper Container Provider as the provider for ContainerProvider
[02:09:57] [Server thread/INFO]: [Essentials] Selected 1.9-1.20.4 Potion Meta Provider as the provider for PotionMetaProvider
[02:09:57] [Server thread/INFO]: [Essentials] Selected 1.20.5+ Banner Data Provider as the provider for BannerDataProvider
[02:09:57] [Server thread/INFO]: [Essentials] Selected 1.8.3+ Spawner Item Provider as the provider for SpawnerItemProvider
[02:09:57] [Server thread/INFO]: [Essentials] Selected 1.14+ Sign Data Provider as the provider for SignDataProvider
[02:09:57] [Server thread/INFO]: [Essentials] Selected 1.11+ Item Unbreakable Provider as the provider for ItemUnbreakableProvider
[02:09:57] [Server thread/INFO]: [Essentials] Selected Paper Serialization Provider as the provider for SerializationProvider
[02:09:57] [Server thread/INFO]: [Essentials] Selected Reflection Online Mode Provider as the provider for OnlineModeProvider
[02:09:57] [Server thread/INFO]: [Essentials] Selected 1.12.2+ Player Locale Provider as the provider for PlayerLocaleProvider
[02:09:57] [Server thread/INFO]: [Essentials] Selected Legacy InventoryView Abstract Class ABI Provider as the provider for InventoryViewProvider
[02:09:57] [Server thread/INFO]: [Essentials] Selected Paper Biome Key Provider as the provider for BiomeKeyProvider
[02:09:57] [Server thread/INFO]: [Essentials] Selected Legacy Damage Event Provider as the provider for DamageEventProvider
[02:09:57] [Server thread/INFO]: [Essentials] Selected 1.14.4+ Persistent Data Container Provider as the provider for PersistentDataProvider
[02:09:57] [Server thread/INFO]: [Essentials] Selected Paper Server State Provider as the provider for ServerStateProvider
[02:09:57] [Server thread/INFO]: [Essentials] Selected 1.13+ Spawn Egg Provider as the provider for SpawnEggProvider
[02:09:57] [Server thread/INFO]: [Essentials] Selected 1.17.1+ World Info Provider as the provider for WorldInfoProvider
[02:09:57] [Server thread/INFO]: [Essentials] Selected Paper Tick Count Provider as the provider for TickCountProvider
[02:09:57] [Server thread/INFO]: [Essentials] Selected 1.12+ Spawner Block Provider as the provider for SpawnerBlockProvider
[02:09:57] [Server thread/INFO]: [Essentials] Selected Paper Material Tag Provider as the provider for MaterialTagProvider
[02:09:57] [Server thread/INFO]: [Essentials] Selected Reflection Formatted Command Alias Provider as the provider for FormattedCommandAliasProvider
[02:09:57] [Server thread/INFO]: [Essentials] Selected Reflection Sync Commands Provider as the provider for SyncCommandsProvider
[02:09:57] [Server thread/INFO]: [Essentials] Loaded 43465 items from items.json.
[02:09:57] [Server thread/INFO]: [Essentials] Using locale en
[02:09:57] [Server thread/INFO]: [Essentials] ServerListPingEvent: Spigot iterator API
[02:09:58] [Server thread/INFO]: [Essentials] Starting Metrics. Opt-out using the global bStats config.
[02:09:58] [Server thread/WARN]: [Essentials] Detected supported permissions plugin LuckPerms without Vault installed.
[02:09:58] [Server thread/WARN]: [Essentials] Features such as chat prefixes/suffixes and group-related functionality will not work until you install Vault.
[02:09:58] [Server thread/INFO]: [Essentials] Using superperms-based permissions.
[02:09:58] [Server thread/INFO]: Running delayed init tasks
[02:09:58] [Server thread/INFO]: Done (11.573s)! For help, type "help"
[02:09:58] [Craft Scheduler Thread - 0 - Essentials/INFO]: [Essentials] Fetching version information...
[02:09:58] [Server thread/INFO]: Timings Reset
[02:09:58] [Craft Scheduler Thread - 2 - SkinsRestorer/INFO]: [SkinsRestorer] ----------------------------------------------
[02:09:58] [Craft Scheduler Thread - 2 - SkinsRestorer/INFO]: [SkinsRestorer]     +==================+
[02:09:58] [Craft Scheduler Thread - 2 - SkinsRestorer/INFO]: [SkinsRestorer]     |   SkinsRestorer  |
[02:09:58] [Craft Scheduler Thread - 2 - SkinsRestorer/INFO]: [SkinsRestorer]     |------------------|
[02:09:58] [Craft Scheduler Thread - 2 - SkinsRestorer/INFO]: [SkinsRestorer]     |  Standalone Mode |
[02:09:58] [Craft Scheduler Thread - 2 - SkinsRestorer/INFO]: [SkinsRestorer]     +==================+
[02:09:58] [Craft Scheduler Thread - 2 - SkinsRestorer/INFO]: [SkinsRestorer] ----------------------------------------------
[02:09:58] [Craft Scheduler Thread - 2 - SkinsRestorer/INFO]: [SkinsRestorer]     Version: 15.6.2
[02:09:58] [Craft Scheduler Thread - 2 - SkinsRestorer/INFO]: [SkinsRestorer]     Commit: 7bda5de
[02:09:58] [Craft Scheduler Thread - 2 - SkinsRestorer/INFO]: [SkinsRestorer]     This is the latest version!
[02:09:58] [Craft Scheduler Thread - 2 - SkinsRestorer/INFO]: [SkinsRestorer] ----------------------------------------------
[02:09:58] [Craft Scheduler Thread - 2 - SkinsRestorer/INFO]: [SkinsRestorer] Do you have issues? Read our troubleshooting guide: https://skinsrestorer.net/docs/troubleshooting
[02:09:58] [Craft Scheduler Thread - 2 - SkinsRestorer/INFO]: [SkinsRestorer] Want to support SkinsRestorer? Consider donating: https://skinsrestorer.net/donate
